  SPY 2016-01-04..2016-02-01: 16,324 bars
  SPY 2016-02-01..2016-03-01: 16,667 bars
  SPY 2016-03-01..2016-04-01: 17,252 bars
  SPY 2016-04-01..2016-05-01: 16,100 bars
  SPY 2016-05-01..2016-06-01: 15,703 bars
  SPY 2016-06-01..2016-07-01: 17,077 bars
  SPY 2016-07-01..2016-08-01: 14,986 bars
  SPY 2016-08-01..2016-09-01: 15,500 bars
  SPY 2016-09-01..2016-10-01: 15,566 bars
  SPY 2016-10-01..2016-11-01: 15,103 bars
  SPY 2016-11-01..2016-12-01: 15,736 bars
  SPY 2016-12-01..2017-01-01: 14,346 bars
  SPY 2017-01-01..2017-02-01: 13,680 bars
  SPY 2017-02-01..2017-03-01: 12,916 bars
  SPY 2017-03-01..2017-04-01: 16,184 bars
  SPY 2017-04-01..2017-05-01: 13,500 bars
  SPY 2017-05-01..2017-06-01: 15,467 bars
  SPY 2017-06-01..2017-07-01: 15,206 bars
  SPY 2017-07-01..2017-08-01: 12,988 bars
  SPY 2017-08-01..2017-09-01: 16,160 bars
  SPY 2017-09-01..2017-10-01: 13,324 bars
  SPY 2017-10-01..2017-11-01: 14,429 bars
  SPY 2017-11-01..2017-12-01: 14,590 bars
  SPY 2017-12-01..2018-01-01: 13,382 bars
  SPY 2018-01-01..2018-02-01: 15,245 bars
  SPY 2018-02-01..2018-03-01: 15,646 bars
  SPY 2018-03-01..2018-04-01: 16,762 bars
  SPY 2018-04-01..2018-05-01: 16,384 bars
  SPY 2018-05-01..2018-06-01: 16,082 bars
  SPY 2018-06-01..2018-07-01: 15,857 bars
  SPY 2018-07-01..2018-08-01: 15,248 bars
  SPY 2018-08-01..2018-09-01: 16,196 bars
  SPY 2018-09-01..2018-10-01: 13,384 bars
  SPY 2018-10-01..2018-11-01: 18,705 bars
  SPY 2018-11-01..2018-12-01: 17,226 bars
  SPY 2018-12-01..2019-01-01: 16,094 bars
  SPY 2019-01-01..2019-02-01: 17,282 bars
  SPY 2019-02-01..2019-03-01: 14,445 bars
  SPY 2019-03-01..2019-04-01: 15,940 bars
  SPY 2019-04-01..2019-05-01: 15,044 bars
  SPY 2019-05-01..2019-06-01: 17,304 bars
  SPY 2019-06-01..2019-07-01: 15,352 bars
  SPY 2019-07-01..2019-08-01: 15,793 bars
  SPY 2019-08-01..2019-09-01: 17,577 bars
  SPY 2019-09-01..2019-10-01: 15,079 bars
  SPY 2019-10-01..2019-11-01: 17,437 bars
  SPY 2019-11-01..2019-12-01: 14,671 bars
  SPY 2019-12-01..2020-01-01: 14,789 bars
  SPY 2020-01-01..2020-02-01: 16,437 bars
  SPY 2020-02-01..2020-03-01: 15,591 bars
  SPY 2020-03-01..2020-04-01: 20,408 bars
  SPY 2020-04-01..2020-05-01: 19,153 bars
  SPY 2020-05-01..2020-06-01: 17,635 bars
  SPY 2020-06-01..2020-07-01: 19,662 bars
  SPY 2020-07-01..2020-08-01: 18,328 bars
  SPY 2020-08-01..2020-09-01: 16,586 bars
  SPY 2020-09-01..2020-10-01: 17,788 bars
  SPY 2020-10-01..2020-11-01: 18,494 bars
  SPY 2020-11-01..2020-12-01: 16,970 bars
  SPY 2020-12-01..2021-01-01: 17,213 bars
  SPY 2021-01-01..2021-02-01: 15,864 bars
  SPY 2021-02-01..2021-03-01: 15,711 bars
  SPY 2021-03-01..2021-04-01: 19,126 bars
  SPY 2021-04-01..2021-05-01: 16,346 bars
  SPY 2021-05-01..2021-06-01: 15,910 bars
  SPY 2021-06-01..2021-07-01: 16,744 bars
  SPY 2021-07-01..2021-08-01: 16,384 bars
  SPY 2021-08-01..2021-09-01: 16,505 bars
  SPY 2021-09-01..2021-10-01: 17,039 bars
  SPY 2021-10-01..2021-11-01: 17,125 bars
  SPY 2021-11-01..2021-12-01: 16,677 bars
  SPY 2021-12-01..2022-01-01: 18,366 bars
  SPY 2022-01-01..2022-02-01: 17,158 bars
  SPY 2022-02-01..2022-03-01: 16,147 bars
  SPY 2022-03-01..2022-04-01: 19,638 bars
  SPY 2022-04-01..2022-05-01: 16,620 bars
  SPY 2022-05-01..2022-06-01: 18,077 bars
  SPY 2022-06-01..2022-07-01: 17,929 bars
  SPY 2022-07-01..2022-08-01: 16,638 bars
  SPY 2022-08-01..2022-09-01: 18,779 bars
  SPY 2022-09-01..2022-10-01: 17,971 bars
  SPY 2022-10-01..2022-11-01: 18,422 bars
  SPY 2022-11-01..2022-12-01: 17,821 bars
  SPY 2022-12-01..2023-01-01: 17,710 bars
  SPY 2023-01-01..2023-02-01: 16,797 bars
  SPY 2023-02-01..2023-03-01: 15,982 bars
  SPY 2023-03-01..2023-04-01: 19,623 bars
  SPY 2023-04-01..2023-05-01: 15,488 bars
  SPY 2023-05-01..2023-06-01: 17,745 bars
  SPY 2023-06-01..2023-07-01: 16,934 bars
  SPY 2023-07-01..2023-08-01: 15,441 bars
  SPY 2023-08-01..2023-09-01: 18,738 bars
  SPY 2023-09-01..2023-10-01: 15,922 bars
  SPY 2023-10-01..2023-11-01: 18,427 bars
  SPY 2023-11-01..2023-12-01: 16,208 bars
  SPY 2023-12-01..2024-01-01: 15,356 bars
  SPY 2024-01-01..2024-02-01: 16,640 bars
  SPY 2024-02-01..2024-03-01: 15,690 bars
  SPY 2024-03-01..2024-04-01: 15,800 bars
  SPY 2024-04-01..2024-05-01: 17,679 bars
  SPY 2024-05-01..2024-06-01: 16,728 bars
  SPY 2024-06-01..2024-07-01: 14,366 bars
  SPY 2024-07-01..2024-08-01: 16,961 bars
  SPY 2024-08-01..2024-09-01: 17,698 bars
  SPY 2024-09-01..2024-10-01: 15,765 bars
  SPY 2024-10-01..2024-11-01: 18,089 bars
  SPY 2024-11-01..2024-12-01: 15,870 bars
  SPY 2024-12-01..2025-01-01: 15,707 bars
  SPY 2025-01-01..2025-02-01: 16,008 bars
  SPY 2025-02-01..2025-03-01: 14,950 bars
  SPY 2025-03-01..2025-04-01: 18,046 bars
  SPY 2025-04-01..2025-05-01: 18,902 bars
  SPY 2025-05-01..2025-06-01: 18,097 bars
  SPY 2025-06-01..2025-07-01: 17,150 bars
  SPY 2025-07-01..2025-08-01: 17,959 bars
  SPY 2025-08-01..2025-09-01: 17,353 bars
  SPY 2025-09-01..2025-10-01: 16,997 bars
  SPY 2025-10-01..2025-11-01: 19,317 bars
  SPY 2025-11-01..2025-12-01: 17,380 bars
  SPY 2025-12-01..2026-01-01: 19,432 bars
  SPY 2026-01-01..2026-02-01: 18,436 bars
  SPY 2026-02-01..2026-03-01: 17,569 bars
  SPY 2026-03-01..2026-04-01: 20,702 bars
  SPY 2026-04-01..2026-05-01: 19,332 bars
  SPY 2026-05-01..2026-06-01: 18,174 bars
  SPY 2026-06-01..2026-07-01: 19,107 bars
  SPY 2026-07-01..2026-08-01: 19,866 bars
  SPY 2026-08-01..2026-09-01: 18,209 bars
  SPY 2026-09-01..2026-09-05: 3,461 bars
loaded 2,140,777 bars 2016-01-04 09:00:00+00:00 .. 2026-09-04 23:59:00+00:00
2684 sessions; 2681 with bands
# Backtest: noise_area on SPY (alpaca)

`instrument=SPY tick=0.01/$0.1 point=$10.0 rt_cost=$0.90 | bars=30m lookback=14d mult=1.0 trail=band | risk/trade=$200 kill=$700 cap=$1200 maxq=5 | flatten 14:52 CT, no entries after 14:00 CT`

## Summary (all sessions)
```
{
  "sessions": 2681,
  "trades": 1753,
  "trades_per_day": 0.65,
  "net_pnl": -8562.39,
  "mean_trade": -4.88,
  "win_rate": 0.415,
  "avg_win": 198.21,
  "avg_loss": -148.79,
  "payoff": 1.33,
  "profit_factor": 0.94,
  "mean_day": -3.19,
  "sd_day": 183.25,
  "sharpe_daily_ann": -0.28,
  "best_day": 1460.15,
  "worst_day": -384.0,
  "worst_intraday_low": -384.0,
  "max_drawdown": -17921.38,
  "days_below_-1000": 0,
  "days_below_-700": 0,
  "stop_outs": 739,
  "flattens": 1013,
  "costs_total": 24198.3,
  "t_stat_daily": -0.9
}
```

## By year
```
      days  trades     pnl  mean_day  sd_day  worst    best
year                                                       
2016   249     178 -7340.0     -29.5   165.6 -376.0   592.0
2017   251     169 -7347.0     -29.3   154.2 -364.0   591.0
2018   251     175  2827.0      11.3   243.1 -375.0  1460.0
2019   252     144 -4279.0     -17.0   142.4 -372.0   798.0
2020   253     152 -1343.0      -5.3   178.6 -383.0  1046.0
2021   252     149  2853.0      11.3   151.8 -371.0   715.0
2022   251     174  6176.0      24.6   222.0 -379.0  1324.0
2023   250     165 -1072.0      -4.3   178.9 -384.0   943.0
2024   252     168  3857.0      15.3   218.9 -379.0  1433.0
2025   250     162  -683.0      -2.7   174.2 -382.0  1365.0
2026   170     117 -2210.0     -13.0   131.7 -373.0   456.0
```

## IN-SAMPLE — 2009 sessions
```
{
  "sessions": 2009,
  "trades": 1306,
  "trades_per_day": 0.65,
  "net_pnl": -9525.58,
  "mean_trade": -7.29,
  "win_rate": 0.41,
  "avg_win": 201.68,
  "avg_loss": -152.3,
  "payoff": 1.32,
  "profit_factor": 0.92,
  "mean_day": -4.74,
  "sd_day": 183.16,
  "sharpe_daily_ann": -0.41,
  "best_day": 1460.15,
  "worst_day": -384.0,
  "worst_intraday_low": -384.0,
  "max_drawdown": -17921.38,
  "days_below_-1000": 0,
  "days_below_-700": 0,
  "stop_outs": 574,
  "flattens": 731,
  "costs_total": 20750.4,
  "t_stat_daily": -1.16
}
```

## HOLDOUT (out-of-sample) — 672 sessions
```
{
  "sessions": 672,
  "trades": 447,
  "trades_per_day": 0.67,
  "net_pnl": 963.19,
  "mean_trade": 2.15,
  "win_rate": 0.43,
  "avg_win": 188.54,
  "avg_loss": -138.18,
  "payoff": 1.36,
  "profit_factor": 1.03,
  "mean_day": 1.43,
  "sd_day": 183.43,
  "sharpe_daily_ann": 0.12,
  "best_day": 1432.6,
  "worst_day": -382.4,
  "worst_intraday_low": -382.4,
  "max_drawdown": -4471.26,
  "days_below_-1000": 0,
  "days_below_-700": 0,
  "stop_outs": 165,
  "flattens": 282,
  "costs_total": 3447.9,
  "t_stat_daily": 0.2
}
```

## Prop-rule Monte Carlo (block bootstrap of this backtest's daily P&L)

Scale = multiple of the sizing above. P(pass) is the share of bootstrapped
paths that hit the target before touching the trailing floor (intraday-touch aware).

### MyFundedFutures Core $50K: target $3,000, DD $2,000 (eod, locks), DLL $1,000, consistency 50% of profit, flat by 15:10 CT, bots on funded: True

| scale | P(pass) | P(fail) | median days | top fail reason |
|---|---|---|---|---|
| 1x | 17.9% | 81.5% | 100.0 | drawdown (intraday touch) |
| 2x | 17.3% | 82.7% | 33.0 | drawdown (intraday touch) |
| 3x | 17.2% | 82.8% | 19.0 | drawdown (intraday touch) |

This exact history replayed once at 1x: **{'result': 'fail', 'days': 81, 'reason': 'drawdown (intraday touch)', 'balance': np.float64(-1562.0)}**  (intraday-low fraction used: 0.205)

### Topstep Combine $50K: target $3,000, DD $2,000 (eod, locks), DLL $1,000, consistency 50% of target, flat by 15:10 CT, bots on funded: False

| scale | P(pass) | P(fail) | median days | top fail reason |
|---|---|---|---|---|
| 1x | 17.9% | 81.5% | 100.0 | drawdown (intraday touch) |
| 2x | 17.2% | 82.8% | 33.0 | drawdown (intraday touch) |
| 3x | 16.9% | 83.1% | 19.0 | drawdown (intraday touch) |

This exact history replayed once at 1x: **{'result': 'fail', 'days': 81, 'reason': 'drawdown (intraday touch)', 'balance': np.float64(-1562.0)}**  (intraday-low fraction used: 0.205)

### Tradeify Growth $50K: target $3,000, DD $2,000 (eod, locks), DLL $0, consistency 35% of profit, flat by 15:59 CT, bots on funded: True

| scale | P(pass) | P(fail) | median days | top fail reason |
|---|---|---|---|---|
| 1x | 14.4% | 83.5% | 103.0 | drawdown (intraday touch) |
| 2x | 12.3% | 87.2% | 35.0 | drawdown (intraday touch) |
| 3x | 11.0% | 88.7% | 19.0 | drawdown (intraday touch) |

This exact history replayed once at 1x: **{'result': 'fail', 'days': 81, 'reason': 'drawdown (intraday touch)', 'balance': np.float64(-1562.0)}**  (intraday-low fraction used: 0.205)

Zero-edge control (same daily P&L, mean removed) on MyFundedFutures Core $50K: P(pass) = 26.1% — anything close to this number is luck, not edge.

## Falsification gates (from the research brief)

- days with intraday low <= -$700: **0** of 2681
- days with intraday low <= -$1,000: **0**
- daily t-stat: **-0.9** (want > 2 on the holdout, not just in-sample)
- costs as share of gross: **74%**


wrote research/2026-09-10-lots10/SPY-as-MES-trail-none/noise_area_SPY_alpaca_report.md
