loaded 2,064,414 bars 2016-01-04 09:00:00+00:00 .. 2026-09-04 23:59:00+00:00
2682 sessions; 2679 with bands
regime switch: 1995/2682 sessions ON
# Backtest: noise_area on QQQ (alpaca)

`instrument=QQQ tick=0.01/$0.1 point=$10.0 rt_cost=$0.38 | bars=30m lookback=14d mult=1.0 trail=band | risk/trade=$200 kill=$700 cap=$1200 maxq=5 | flatten 14:52 CT, no entries after 14:00 CT`

## Summary (all sessions)
```
{
  "sessions": 2679,
  "trades": 1431,
  "trades_per_day": 0.53,
  "net_pnl": 10654.53,
  "mean_trade": 7.45,
  "win_rate": 0.371,
  "avg_win": 168.48,
  "avg_loss": -87.56,
  "payoff": 1.92,
  "profit_factor": 1.14,
  "mean_day": 3.98,
  "sd_day": 126.93,
  "sharpe_daily_ann": 0.5,
  "best_day": 1587.92,
  "worst_day": -387.02,
  "worst_intraday_low": -387.02,
  "max_drawdown": -3325.0,
  "days_below_-1000": 0,
  "days_below_-700": 0,
  "stop_outs": 200,
  "flattens": 427,
  "costs_total": 7255.72,
  "t_stat_daily": 1.62
}
```

## By year
```
      days  trades     pnl  mean_day  sd_day  worst    best
year                                                       
2016   249     119 -2193.0      -8.8   105.7 -384.0   628.0
2017   251      61   403.0       1.6   118.2 -314.0  1588.0
2018   249     159  5470.0      22.0   169.7 -384.0   966.0
2019   252     127 -2257.0      -9.0    95.6 -381.0   499.0
2020   253     166  1244.0       4.9   155.9 -387.0   851.0
2021   252     130  2211.0       8.8   115.5 -372.0   596.0
2022   251     213  2862.0      11.4   158.6 -384.0   984.0
2023   250     148  2709.0      10.8   137.8 -384.0   864.0
2024   252     104  -207.0      -0.8   108.3 -375.0   653.0
2025   250     104   156.0       0.6    89.5 -373.0   406.0
2026   170     100   256.0       1.5   104.0 -292.0   432.0
```

## IN-SAMPLE — 2007 sessions
```
{
  "sessions": 2007,
  "trades": 1123,
  "trades_per_day": 0.56,
  "net_pnl": 10449.76,
  "mean_trade": 9.31,
  "win_rate": 0.367,
  "avg_win": 175.36,
  "avg_loss": -86.92,
  "payoff": 2.02,
  "profit_factor": 1.17,
  "mean_day": 5.21,
  "sd_day": 134.64,
  "sharpe_daily_ann": 0.61,
  "best_day": 1587.92,
  "worst_day": -387.02,
  "worst_intraday_low": -387.02,
  "max_drawdown": -3325.0,
  "days_below_-1000": 0,
  "days_below_-700": 0,
  "stop_outs": 151,
  "flattens": 330,
  "costs_total": 6588.06,
  "t_stat_daily": 1.73
}
```

## HOLDOUT (out-of-sample) — 672 sessions
```
{
  "sessions": 672,
  "trades": 308,
  "trades_per_day": 0.46,
  "net_pnl": 204.77,
  "mean_trade": 0.66,
  "win_rate": 0.386,
  "avg_win": 144.66,
  "avg_loss": -90.0,
  "payoff": 1.61,
  "profit_factor": 1.01,
  "mean_day": 0.3,
  "sd_day": 100.36,
  "sharpe_daily_ann": 0.05,
  "best_day": 653.2,
  "worst_day": -375.42,
  "worst_intraday_low": -375.42,
  "max_drawdown": -2035.42,
  "days_below_-1000": 0,
  "days_below_-700": 0,
  "stop_outs": 49,
  "flattens": 97,
  "costs_total": 667.66,
  "t_stat_daily": 0.08
}
```

## Prop-rule Monte Carlo (block bootstrap of this backtest's daily P&L)

Scale = multiple of the sizing above. P(pass) is the share of bootstrapped
paths that hit the target before touching the trailing floor (intraday-touch aware).

### MyFundedFutures Core $50K: target $3,000, DD $2,000 (eod, locks), DLL $1,000, consistency 50% of profit, flat by 15:10 CT, bots on funded: True

| scale | P(pass) | P(fail) | median days | top fail reason |
|---|---|---|---|---|
| 1x | 38.4% | 38.6% | 210.0 | drawdown (intraday touch) |
| 2x | 37.3% | 62.2% | 72.0 | drawdown (intraday touch) |
| 3x | 30.7% | 69.1% | 39.0 | drawdown (intraday touch) |

This exact history replayed once at 1x: **{'result': 'fail', 'days': 191, 'reason': 'drawdown (intraday touch)', 'balance': np.float64(-1041.0)}**  (intraday-low fraction used: 0.221)

Zero-edge control (same daily P&L, mean removed) on MyFundedFutures Core $50K: P(pass) = 18.6% — anything close to this number is luck, not edge.

## Falsification gates (from the research brief)

- days with intraday low <= -$700: **0** of 2679
- days with intraday low <= -$1,000: **0**
- daily t-stat: **1.62** (want > 2 on the holdout, not just in-sample)
- costs as share of gross: **41%**


wrote research/2026-09-09-regime/grid/QQQ-lb20-p40/noise_area_regime_QQQ_alpaca_report.md
