  SPY 2016-01-04..2016-02-01: 16,324 bars
  SPY 2016-02-01..2016-03-01: 16,667 bars
  SPY 2016-03-01..2016-04-01: 17,252 bars
  SPY 2016-04-01..2016-05-01: 16,100 bars
  SPY 2016-05-01..2016-06-01: 15,703 bars
  SPY 2016-06-01..2016-07-01: 17,077 bars
  SPY 2016-07-01..2016-08-01: 14,986 bars
  SPY 2016-08-01..2016-09-01: 15,500 bars
  SPY 2016-09-01..2016-10-01: 15,566 bars
  SPY 2016-10-01..2016-11-01: 15,103 bars
  SPY 2016-11-01..2016-12-01: 15,736 bars
  SPY 2016-12-01..2017-01-01: 14,346 bars
  SPY 2017-01-01..2017-02-01: 13,680 bars
  SPY 2017-02-01..2017-03-01: 12,916 bars
  SPY 2017-03-01..2017-04-01: 16,184 bars
  SPY 2017-04-01..2017-05-01: 13,500 bars
  SPY 2017-05-01..2017-06-01: 15,467 bars
  SPY 2017-06-01..2017-07-01: 15,206 bars
  SPY 2017-07-01..2017-08-01: 12,988 bars
  SPY 2017-08-01..2017-09-01: 16,160 bars
  SPY 2017-09-01..2017-10-01: 13,324 bars
  SPY 2017-10-01..2017-11-01: 14,429 bars
  SPY 2017-11-01..2017-12-01: 14,590 bars
  SPY 2017-12-01..2018-01-01: 13,382 bars
  SPY 2018-01-01..2018-02-01: 15,245 bars
  SPY 2018-02-01..2018-03-01: 15,646 bars
  SPY 2018-03-01..2018-04-01: 16,762 bars
  SPY 2018-04-01..2018-05-01: 16,384 bars
  SPY 2018-05-01..2018-06-01: 16,082 bars
  SPY 2018-06-01..2018-07-01: 15,857 bars
  SPY 2018-07-01..2018-08-01: 15,248 bars
  SPY 2018-08-01..2018-09-01: 16,196 bars
  SPY 2018-09-01..2018-10-01: 13,384 bars
  SPY 2018-10-01..2018-11-01: 18,705 bars
  SPY 2018-11-01..2018-12-01: 17,226 bars
  SPY 2018-12-01..2019-01-01: 16,094 bars
  SPY 2019-01-01..2019-02-01: 17,282 bars
  SPY 2019-02-01..2019-03-01: 14,445 bars
  SPY 2019-03-01..2019-04-01: 15,940 bars
  SPY 2019-04-01..2019-05-01: 15,044 bars
  SPY 2019-05-01..2019-06-01: 17,304 bars
  SPY 2019-06-01..2019-07-01: 15,352 bars
  SPY 2019-07-01..2019-08-01: 15,793 bars
  SPY 2019-08-01..2019-09-01: 17,577 bars
  SPY 2019-09-01..2019-10-01: 15,079 bars
  SPY 2019-10-01..2019-11-01: 17,437 bars
  SPY 2019-11-01..2019-12-01: 14,671 bars
  SPY 2019-12-01..2020-01-01: 14,789 bars
  SPY 2020-01-01..2020-02-01: 16,437 bars
  SPY 2020-02-01..2020-03-01: 15,591 bars
  SPY 2020-03-01..2020-04-01: 20,408 bars
  SPY 2020-04-01..2020-05-01: 19,153 bars
  SPY 2020-05-01..2020-06-01: 17,635 bars
  SPY 2020-06-01..2020-07-01: 19,662 bars
  SPY 2020-07-01..2020-08-01: 18,328 bars
  SPY 2020-08-01..2020-09-01: 16,586 bars
  SPY 2020-09-01..2020-10-01: 17,788 bars
  SPY 2020-10-01..2020-11-01: 18,494 bars
  SPY 2020-11-01..2020-12-01: 16,970 bars
  SPY 2020-12-01..2021-01-01: 17,213 bars
  SPY 2021-01-01..2021-02-01: 15,864 bars
  SPY 2021-02-01..2021-03-01: 15,711 bars
  SPY 2021-03-01..2021-04-01: 19,126 bars
  SPY 2021-04-01..2021-05-01: 16,346 bars
  SPY 2021-05-01..2021-06-01: 15,910 bars
  SPY 2021-06-01..2021-07-01: 16,744 bars
  SPY 2021-07-01..2021-08-01: 16,384 bars
  SPY 2021-08-01..2021-09-01: 16,505 bars
  SPY 2021-09-01..2021-10-01: 17,039 bars
  SPY 2021-10-01..2021-11-01: 17,125 bars
  SPY 2021-11-01..2021-12-01: 16,677 bars
  SPY 2021-12-01..2022-01-01: 18,366 bars
  SPY 2022-01-01..2022-02-01: 17,158 bars
  SPY 2022-02-01..2022-03-01: 16,147 bars
  SPY 2022-03-01..2022-04-01: 19,638 bars
  SPY 2022-04-01..2022-05-01: 16,620 bars
  SPY 2022-05-01..2022-06-01: 18,077 bars
  SPY 2022-06-01..2022-07-01: 17,929 bars
  SPY 2022-07-01..2022-08-01: 16,638 bars
  SPY 2022-08-01..2022-09-01: 18,779 bars
  SPY 2022-09-01..2022-10-01: 17,971 bars
  SPY 2022-10-01..2022-11-01: 18,422 bars
  SPY 2022-11-01..2022-12-01: 17,821 bars
  SPY 2022-12-01..2023-01-01: 17,710 bars
  SPY 2023-01-01..2023-02-01: 16,797 bars
  SPY 2023-02-01..2023-03-01: 15,982 bars
  SPY 2023-03-01..2023-04-01: 19,623 bars
  SPY 2023-04-01..2023-05-01: 15,488 bars
  SPY 2023-05-01..2023-06-01: 17,745 bars
  SPY 2023-06-01..2023-07-01: 16,934 bars
  SPY 2023-07-01..2023-08-01: 15,441 bars
  SPY 2023-08-01..2023-09-01: 18,738 bars
  SPY 2023-09-01..2023-10-01: 15,922 bars
  SPY 2023-10-01..2023-11-01: 18,427 bars
  SPY 2023-11-01..2023-12-01: 16,208 bars
  SPY 2023-12-01..2024-01-01: 15,356 bars
  SPY 2024-01-01..2024-02-01: 16,640 bars
  SPY 2024-02-01..2024-03-01: 15,690 bars
  SPY 2024-03-01..2024-04-01: 15,800 bars
  SPY 2024-04-01..2024-05-01: 17,679 bars
  SPY 2024-05-01..2024-06-01: 16,728 bars
  SPY 2024-06-01..2024-07-01: 14,366 bars
  SPY 2024-07-01..2024-08-01: 16,961 bars
  SPY 2024-08-01..2024-09-01: 17,698 bars
  SPY 2024-09-01..2024-10-01: 15,765 bars
  SPY 2024-10-01..2024-11-01: 18,089 bars
  SPY 2024-11-01..2024-12-01: 15,870 bars
  SPY 2024-12-01..2025-01-01: 15,707 bars
  SPY 2025-01-01..2025-02-01: 16,008 bars
  SPY 2025-02-01..2025-03-01: 14,950 bars
  SPY 2025-03-01..2025-04-01: 18,046 bars
  SPY 2025-04-01..2025-05-01: 18,902 bars
  SPY 2025-05-01..2025-06-01: 18,097 bars
  SPY 2025-06-01..2025-07-01: 17,150 bars
  SPY 2025-07-01..2025-08-01: 17,959 bars
  SPY 2025-08-01..2025-09-01: 17,353 bars
  SPY 2025-09-01..2025-10-01: 16,997 bars
  SPY 2025-10-01..2025-11-01: 19,317 bars
  SPY 2025-11-01..2025-12-01: 17,380 bars
  SPY 2025-12-01..2026-01-01: 19,432 bars
  SPY 2026-01-01..2026-02-01: 18,436 bars
  SPY 2026-02-01..2026-03-01: 17,569 bars
  SPY 2026-03-01..2026-04-01: 20,702 bars
  SPY 2026-04-01..2026-05-01: 19,332 bars
  SPY 2026-05-01..2026-06-01: 18,174 bars
  SPY 2026-06-01..2026-07-01: 19,107 bars
  SPY 2026-07-01..2026-08-01: 19,866 bars
  SPY 2026-08-01..2026-09-01: 18,209 bars
  SPY 2026-09-01..2026-09-05: 3,461 bars
loaded 2,140,777 bars 2016-01-04 09:00:00+00:00 .. 2026-09-04 23:59:00+00:00
2684 sessions; 2681 with bands
# Backtest: noise_area on SPY (alpaca)

`instrument=SPY tick=0.01/$0.1 point=$10.0 rt_cost=$0.90 | bars=30m lookback=14d mult=1.0 trail=band | risk/trade=$200 kill=$700 cap=$1200 maxq=5 | flatten 14:52 CT, no entries after 11:00 CT`

## Summary (all sessions)
```
{
  "sessions": 2681,
  "trades": 815,
  "trades_per_day": 0.3,
  "net_pnl": 1168.03,
  "mean_trade": 1.43,
  "win_rate": 0.351,
  "avg_win": 152.59,
  "avg_loss": -80.29,
  "payoff": 1.9,
  "profit_factor": 1.03,
  "mean_day": 0.44,
  "sd_day": 92.61,
  "sharpe_daily_ann": 0.07,
  "best_day": 1208.4,
  "worst_day": -380.8,
  "worst_intraday_low": -380.8,
  "max_drawdown": -3092.46,
  "days_below_-1000": 0,
  "days_below_-700": 0,
  "stop_outs": 96,
  "flattens": 166,
  "costs_total": 9013.5,
  "t_stat_daily": 0.24
}
```

## By year
```
      days  trades     pnl  mean_day  sd_day  worst    best
year                                                       
2016   249      73  -954.0      -3.8    72.0 -190.0   416.0
2017   251      66 -1003.0      -4.0    78.4 -247.0   497.0
2018   251      87   955.0       3.8   129.7 -374.0  1208.0
2019   252      75     6.0       0.0    68.5 -232.0   376.0
2020   253      68   202.0       0.8   102.1 -381.0   872.0
2021   252      74  2246.0       8.9    83.5 -376.0   536.0
2022   251      82  1718.0       6.8   110.0 -197.0   971.0
2023   250      77  -777.0      -3.1    79.7 -380.0   629.0
2024   252      82  1389.0       5.5   127.2 -273.0  1056.0
2025   250      74 -1343.0      -5.4    64.6 -214.0   440.0
2026   170      57 -1271.0      -7.5    61.3 -178.0   456.0
```

## IN-SAMPLE — 2009 sessions
```
{
  "sessions": 2009,
  "trades": 602,
  "trades_per_day": 0.3,
  "net_pnl": 2393.17,
  "mean_trade": 3.98,
  "win_rate": 0.352,
  "avg_win": 157.07,
  "avg_loss": -79.24,
  "payoff": 1.98,
  "profit_factor": 1.08,
  "mean_day": 1.19,
  "sd_day": 92.62,
  "sharpe_daily_ann": 0.2,
  "best_day": 1208.4,
  "worst_day": -380.8,
  "worst_intraday_low": -380.8,
  "max_drawdown": -2041.0,
  "days_below_-1000": 0,
  "days_below_-700": 0,
  "stop_outs": 73,
  "flattens": 133,
  "costs_total": 7605.0,
  "t_stat_daily": 0.58
}
```

## HOLDOUT (out-of-sample) — 672 sessions
```
{
  "sessions": 672,
  "trades": 213,
  "trades_per_day": 0.32,
  "net_pnl": -1225.14,
  "mean_trade": -5.75,
  "win_rate": 0.347,
  "avg_win": 139.76,
  "avg_loss": -83.22,
  "payoff": 1.68,
  "profit_factor": 0.89,
  "mean_day": -1.82,
  "sd_day": 92.56,
  "sharpe_daily_ann": -0.31,
  "best_day": 1055.6,
  "worst_day": -273.0,
  "worst_intraday_low": -291.6,
  "max_drawdown": -3092.46,
  "days_below_-1000": 0,
  "days_below_-700": 0,
  "stop_outs": 23,
  "flattens": 33,
  "costs_total": 1408.5,
  "t_stat_daily": -0.51
}
```

## Prop-rule Monte Carlo (block bootstrap of this backtest's daily P&L)

Scale = multiple of the sizing above. P(pass) is the share of bootstrapped
paths that hit the target before touching the trailing floor (intraday-touch aware).

### MyFundedFutures Core $50K: target $3,000, DD $2,000 (eod, locks), DLL $1,000, consistency 50% of profit, flat by 15:10 CT, bots on funded: True

| scale | P(pass) | P(fail) | median days | top fail reason |
|---|---|---|---|---|
| 1x | 9.9% | 36.4% | 256 | drawdown (intraday touch) |
| 2x | 22.7% | 72.6% | 127.0 | drawdown (intraday touch) |
| 3x | 20.6% | 77.8% | 72 | drawdown (intraday touch) |

This exact history replayed once at 1x: **{'result': 'fail', 'days': 370, 'reason': 'drawdown (intraday touch)', 'balance': -2000}**  (intraday-low fraction used: 0.185)

### Topstep Combine $50K: target $3,000, DD $2,000 (eod, locks), DLL $1,000, consistency 50% of target, flat by 15:10 CT, bots on funded: False

| scale | P(pass) | P(fail) | median days | top fail reason |
|---|---|---|---|---|
| 1x | 9.9% | 36.4% | 256 | drawdown (intraday touch) |
| 2x | 22.5% | 72.7% | 127.0 | drawdown (intraday touch) |
| 3x | 20.4% | 78.0% | 73 | drawdown (intraday touch) |

This exact history replayed once at 1x: **{'result': 'fail', 'days': 370, 'reason': 'drawdown (intraday touch)', 'balance': -2000}**  (intraday-low fraction used: 0.185)

### Tradeify Growth $50K: target $3,000, DD $2,000 (eod, locks), DLL $0, consistency 35% of profit, flat by 15:59 CT, bots on funded: True

| scale | P(pass) | P(fail) | median days | top fail reason |
|---|---|---|---|---|
| 1x | 8.7% | 36.5% | 256 | drawdown (intraday touch) |
| 2x | 13.7% | 74.8% | 132 | drawdown (intraday touch) |
| 3x | 12.2% | 82.1% | 74 | drawdown (intraday touch) |

This exact history replayed once at 1x: **{'result': 'fail', 'days': 370, 'reason': 'drawdown (intraday touch)', 'balance': -2000}**  (intraday-low fraction used: 0.185)

Zero-edge control (same daily P&L, mean removed) on MyFundedFutures Core $50K: P(pass) = 8.8% — anything close to this number is luck, not edge.

## Falsification gates (from the research brief)

- days with intraday low <= -$700: **0** of 2681
- days with intraday low <= -$1,000: **0**
- daily t-stat: **0.24** (want > 2 on the holdout, not just in-sample)
- costs as share of gross: **89%**


wrote research/2026-09-09-refined/SPY-as-MES/noise_area_SPY_alpaca_report.md
