loaded 1,738,524 bars 2016-01-04 09:00:00+00:00 .. 2026-09-04 23:58:00+00:00
2684 sessions; 2681 with bands
regime switch: 1595/2684 sessions ON
# Backtest: noise_area on SPY (alpaca)

`instrument=SPY tick=0.01/$0.1 point=$10.0 rt_cost=$0.72 | bars=30m lookback=14d mult=1.0 trail=band | risk/trade=$200 kill=$700 cap=$1200 maxq=5 | flatten 14:52 CT, no entries after 14:00 CT`

## Summary (all sessions)
```
{
  "sessions": 2681,
  "trades": 1294,
  "trades_per_day": 0.48,
  "net_pnl": -12577.95,
  "mean_trade": -9.72,
  "win_rate": 0.318,
  "avg_win": 144.07,
  "avg_loss": -81.56,
  "payoff": 1.77,
  "profit_factor": 0.83,
  "mean_day": -4.69,
  "sd_day": 108.52,
  "sharpe_daily_ann": -0.69,
  "best_day": 1283.63,
  "worst_day": -386.12,
  "worst_intraday_low": -386.12,
  "max_drawdown": -17526.45,
  "days_below_-1000": 0,
  "days_below_-700": 0,
  "stop_outs": 149,
  "flattens": 343,
  "costs_total": 12983.04,
  "t_stat_daily": -2.24
}
```

## By year
```
      days  trades     pnl  mean_day  sd_day  worst    best
year                                                       
2016   249      82  1836.0       7.4    92.4 -244.0   597.0
2017   251       5  -101.0      -0.4    14.9 -173.0   144.0
2018   251     113  2028.0       8.1   149.2 -369.0  1284.0
2019   252     124 -2679.0     -10.6    91.4 -318.0   511.0
2020   253     174 -5676.0     -22.4   124.3 -373.0  1178.0
2021   252     178 -1532.0      -6.1   126.4 -386.0   743.0
2022   251     228 -1948.0      -7.8   153.5 -383.0  1234.0
2023   250     119    30.0       0.1   102.0 -373.0   706.0
2024   252     104 -3162.0     -12.5    80.6 -381.0   479.0
2025   250     107    14.0       0.1   101.9 -287.0   624.0
2026   170      60 -1389.0      -8.2    74.2 -380.0   416.0
```

## IN-SAMPLE — 2009 sessions
```
{
  "sessions": 2009,
  "trades": 1023,
  "trades_per_day": 0.51,
  "net_pnl": -8041.29,
  "mean_trade": -7.86,
  "win_rate": 0.317,
  "avg_win": 149.56,
  "avg_loss": -80.83,
  "payoff": 1.85,
  "profit_factor": 0.86,
  "mean_day": -4.0,
  "sd_day": 114.63,
  "sharpe_daily_ann": -0.55,
  "best_day": 1283.63,
  "worst_day": -386.12,
  "worst_intraday_low": -386.12,
  "max_drawdown": -13966.18,
  "days_below_-1000": 0,
  "days_below_-700": 0,
  "stop_outs": 113,
  "flattens": 276,
  "costs_total": 10773.36,
  "t_stat_daily": -1.57
}
```

## HOLDOUT (out-of-sample) — 672 sessions
```
{
  "sessions": 672,
  "trades": 271,
  "trades_per_day": 0.4,
  "net_pnl": -4536.66,
  "mean_trade": -16.74,
  "win_rate": 0.325,
  "avg_win": 123.85,
  "avg_loss": -84.35,
  "payoff": 1.47,
  "profit_factor": 0.71,
  "mean_day": -6.75,
  "sd_day": 87.7,
  "sharpe_daily_ann": -1.22,
  "best_day": 624.33,
  "worst_day": -380.94,
  "worst_intraday_low": -380.94,
  "max_drawdown": -5282.34,
  "days_below_-1000": 0,
  "days_below_-700": 0,
  "stop_outs": 36,
  "flattens": 67,
  "costs_total": 2209.68,
  "t_stat_daily": -2.0
}
```

## Prop-rule Monte Carlo (block bootstrap of this backtest's daily P&L)

Scale = multiple of the sizing above. P(pass) is the share of bootstrapped
paths that hit the target before touching the trailing floor (intraday-touch aware).

### MyFundedFutures Core $50K: target $3,000, DD $2,000 (eod, locks), DLL $1,000, consistency 50% of profit, flat by 15:10 CT, bots on funded: True

| scale | P(pass) | P(fail) | median days | top fail reason |
|---|---|---|---|---|
| 1x | 3.7% | 83.2% | 179.0 | drawdown (intraday touch) |
| 2x | 7.7% | 91.9% | 71.0 | drawdown (intraday touch) |
| 3x | 9.1% | 90.8% | 40.0 | drawdown (intraday touch) |

This exact history replayed once at 1x: **{'result': 'pass', 'days': 564, 'reason': 'target', 'balance': np.float64(3055.0)}**  (intraday-low fraction used: 0.231)

Zero-edge control (same daily P&L, mean removed) on MyFundedFutures Core $50K: P(pass) = 14.3% — anything close to this number is luck, not edge.

## Falsification gates (from the research brief)

- days with intraday low <= -$700: **0** of 2681
- days with intraday low <= -$1,000: **0**
- daily t-stat: **-2.24** (want > 2 on the holdout, not just in-sample)
- costs as share of gross: **51%**


wrote research/2026-09-09-regime/IWM-regime/noise_area_regime_SPY_alpaca_report.md
