loaded 2,064,414 bars 2016-01-04 09:00:00+00:00 .. 2026-09-04 23:59:00+00:00
2682 sessions; 2679 with bands
regime switch: 1694/2682 sessions ON
# Backtest: noise_area on QQQ (alpaca)

`instrument=QQQ tick=0.01/$0.1 point=$10.0 rt_cost=$0.38 | bars=30m lookback=14d mult=1.0 trail=band | risk/trade=$200 kill=$700 cap=$1200 maxq=5 | flatten 14:52 CT, no entries after 14:00 CT`

## Summary (all sessions)
```
{
  "sessions": 2679,
  "trades": 1203,
  "trades_per_day": 0.45,
  "net_pnl": 9156.29,
  "mean_trade": 7.61,
  "win_rate": 0.37,
  "avg_win": 166.87,
  "avg_loss": -85.88,
  "payoff": 1.94,
  "profit_factor": 1.14,
  "mean_day": 3.42,
  "sd_day": 113.58,
  "sharpe_daily_ann": 0.48,
  "best_day": 984.24,
  "worst_day": -387.02,
  "worst_intraday_low": -387.02,
  "max_drawdown": -2866.37,
  "days_below_-1000": 0,
  "days_below_-700": 0,
  "stop_outs": 163,
  "flattens": 344,
  "costs_total": 5816.66,
  "t_stat_daily": 1.56
}
```

## By year
```
      days  trades     pnl  mean_day  sd_day  worst   best
year                                                      
2016   249     102 -1333.0      -5.4    97.1 -275.0  628.0
2017   251      35  -191.0      -0.8    51.5 -314.0  377.0
2018   249     139  5623.0      22.6   160.9 -384.0  966.0
2019   252     110 -1524.0      -6.0    92.1 -381.0  499.0
2020   253     161  1607.0       6.4   154.8 -387.0  851.0
2021   252     108  1968.0       7.8   104.6 -372.0  596.0
2022   251     213  2862.0      11.4   158.6 -384.0  984.0
2023   250      96   493.0       2.0   102.5 -384.0  662.0
2024   252      67  -737.0      -2.9    84.6 -375.0  653.0
2025   250      75   558.0       2.2    83.0 -373.0  406.0
2026   170      97  -170.0      -1.0    98.5 -292.0  374.0
```

## IN-SAMPLE — 2007 sessions
```
{
  "sessions": 2007,
  "trades": 964,
  "trades_per_day": 0.48,
  "net_pnl": 9505.02,
  "mean_trade": 9.86,
  "win_rate": 0.369,
  "avg_win": 172.53,
  "avg_loss": -85.39,
  "payoff": 2.02,
  "profit_factor": 1.18,
  "mean_day": 4.74,
  "sd_day": 121.01,
  "sharpe_daily_ann": 0.62,
  "best_day": 984.24,
  "worst_day": -387.02,
  "worst_intraday_low": -387.02,
  "max_drawdown": -2866.37,
  "days_below_-1000": 0,
  "days_below_-700": 0,
  "stop_outs": 126,
  "flattens": 274,
  "costs_total": 5344.7,
  "t_stat_daily": 1.75
}
```

## HOLDOUT (out-of-sample) — 672 sessions
```
{
  "sessions": 672,
  "trades": 239,
  "trades_per_day": 0.36,
  "net_pnl": -348.73,
  "mean_trade": -1.46,
  "win_rate": 0.372,
  "avg_win": 144.19,
  "avg_loss": -87.88,
  "payoff": 1.64,
  "profit_factor": 0.97,
  "mean_day": -0.52,
  "sd_day": 87.6,
  "sharpe_daily_ann": -0.09,
  "best_day": 653.2,
  "worst_day": -375.42,
  "worst_intraday_low": -375.42,
  "max_drawdown": -1729.5,
  "days_below_-1000": 0,
  "days_below_-700": 0,
  "stop_outs": 37,
  "flattens": 70,
  "costs_total": 471.96,
  "t_stat_daily": -0.15
}
```

## Prop-rule Monte Carlo (block bootstrap of this backtest's daily P&L)

Scale = multiple of the sizing above. P(pass) is the share of bootstrapped
paths that hit the target before touching the trailing floor (intraday-touch aware).

### MyFundedFutures Core $50K: target $3,000, DD $2,000 (eod, locks), DLL $1,000, consistency 50% of profit, flat by 15:10 CT, bots on funded: True

| scale | P(pass) | P(fail) | median days | top fail reason |
|---|---|---|---|---|
| 1x | 31.9% | 33.6% | 233 | drawdown (intraday touch) |
| 2x | 39.5% | 60.2% | 88.0 | drawdown (intraday touch) |
| 3x | 32.0% | 68.0% | 47 | drawdown (intraday touch) |

This exact history replayed once at 1x: **{'result': 'fail', 'days': 216, 'reason': 'drawdown (intraday touch)', 'balance': np.float64(-1041.0)}**  (intraday-low fraction used: 0.216)

Zero-edge control (same daily P&L, mean removed) on MyFundedFutures Core $50K: P(pass) = 15.4% — anything close to this number is luck, not edge.

## Falsification gates (from the research brief)

- days with intraday low <= -$700: **0** of 2679
- days with intraday low <= -$1,000: **0**
- daily t-stat: **1.56** (want > 2 on the holdout, not just in-sample)
- costs as share of gross: **39%**


wrote research/2026-09-09-regime/grid/QQQ-lb20-p50/noise_area_regime_QQQ_alpaca_report.md
