  SPY 2016-01-04..2016-02-01: 16,324 bars
  SPY 2016-02-01..2016-03-01: 16,667 bars
  SPY 2016-03-01..2016-04-01: 17,252 bars
  SPY 2016-04-01..2016-05-01: 16,100 bars
  SPY 2016-05-01..2016-06-01: 15,703 bars
  SPY 2016-06-01..2016-07-01: 17,077 bars
  SPY 2016-07-01..2016-08-01: 14,986 bars
  SPY 2016-08-01..2016-09-01: 15,500 bars
  SPY 2016-09-01..2016-10-01: 15,566 bars
  SPY 2016-10-01..2016-11-01: 15,103 bars
  SPY 2016-11-01..2016-12-01: 15,736 bars
  SPY 2016-12-01..2017-01-01: 14,346 bars
  SPY 2017-01-01..2017-02-01: 13,680 bars
  SPY 2017-02-01..2017-03-01: 12,916 bars
  SPY 2017-03-01..2017-04-01: 16,184 bars
  SPY 2017-04-01..2017-05-01: 13,500 bars
  SPY 2017-05-01..2017-06-01: 15,467 bars
  SPY 2017-06-01..2017-07-01: 15,206 bars
  SPY 2017-07-01..2017-08-01: 12,988 bars
  SPY 2017-08-01..2017-09-01: 16,160 bars
  SPY 2017-09-01..2017-10-01: 13,324 bars
  SPY 2017-10-01..2017-11-01: 14,429 bars
  SPY 2017-11-01..2017-12-01: 14,590 bars
  SPY 2017-12-01..2018-01-01: 13,382 bars
  SPY 2018-01-01..2018-02-01: 15,245 bars
  SPY 2018-02-01..2018-03-01: 15,646 bars
  SPY 2018-03-01..2018-04-01: 16,762 bars
  SPY 2018-04-01..2018-05-01: 16,384 bars
  SPY 2018-05-01..2018-06-01: 16,082 bars
  SPY 2018-06-01..2018-07-01: 15,857 bars
  SPY 2018-07-01..2018-08-01: 15,248 bars
  SPY 2018-08-01..2018-09-01: 16,196 bars
  SPY 2018-09-01..2018-10-01: 13,384 bars
  SPY 2018-10-01..2018-11-01: 18,705 bars
  SPY 2018-11-01..2018-12-01: 17,226 bars
  SPY 2018-12-01..2019-01-01: 16,094 bars
  SPY 2019-01-01..2019-02-01: 17,282 bars
  SPY 2019-02-01..2019-03-01: 14,445 bars
  SPY 2019-03-01..2019-04-01: 15,940 bars
  SPY 2019-04-01..2019-05-01: 15,044 bars
  SPY 2019-05-01..2019-06-01: 17,304 bars
  SPY 2019-06-01..2019-07-01: 15,352 bars
  SPY 2019-07-01..2019-08-01: 15,793 bars
  SPY 2019-08-01..2019-09-01: 17,577 bars
  SPY 2019-09-01..2019-10-01: 15,079 bars
  SPY 2019-10-01..2019-11-01: 17,437 bars
  SPY 2019-11-01..2019-12-01: 14,671 bars
  SPY 2019-12-01..2020-01-01: 14,789 bars
  SPY 2020-01-01..2020-02-01: 16,437 bars
  SPY 2020-02-01..2020-03-01: 15,591 bars
  SPY 2020-03-01..2020-04-01: 20,408 bars
  SPY 2020-04-01..2020-05-01: 19,153 bars
  SPY 2020-05-01..2020-06-01: 17,635 bars
  SPY 2020-06-01..2020-07-01: 19,662 bars
  SPY 2020-07-01..2020-08-01: 18,328 bars
  SPY 2020-08-01..2020-09-01: 16,586 bars
  SPY 2020-09-01..2020-10-01: 17,788 bars
  SPY 2020-10-01..2020-11-01: 18,494 bars
  SPY 2020-11-01..2020-12-01: 16,970 bars
  SPY 2020-12-01..2021-01-01: 17,213 bars
  SPY 2021-01-01..2021-02-01: 15,864 bars
  SPY 2021-02-01..2021-03-01: 15,711 bars
  SPY 2021-03-01..2021-04-01: 19,126 bars
  SPY 2021-04-01..2021-05-01: 16,346 bars
  SPY 2021-05-01..2021-06-01: 15,910 bars
  SPY 2021-06-01..2021-07-01: 16,744 bars
  SPY 2021-07-01..2021-08-01: 16,384 bars
  SPY 2021-08-01..2021-09-01: 16,505 bars
  SPY 2021-09-01..2021-10-01: 17,039 bars
  SPY 2021-10-01..2021-11-01: 17,125 bars
  SPY 2021-11-01..2021-12-01: 16,677 bars
  SPY 2021-12-01..2022-01-01: 18,366 bars
  SPY 2022-01-01..2022-02-01: 17,158 bars
  SPY 2022-02-01..2022-03-01: 16,147 bars
  SPY 2022-03-01..2022-04-01: 19,638 bars
  SPY 2022-04-01..2022-05-01: 16,620 bars
  SPY 2022-05-01..2022-06-01: 18,077 bars
  SPY 2022-06-01..2022-07-01: 17,929 bars
  SPY 2022-07-01..2022-08-01: 16,638 bars
  SPY 2022-08-01..2022-09-01: 18,779 bars
  SPY 2022-09-01..2022-10-01: 17,971 bars
  SPY 2022-10-01..2022-11-01: 18,422 bars
  SPY 2022-11-01..2022-12-01: 17,821 bars
  SPY 2022-12-01..2023-01-01: 17,710 bars
  SPY 2023-01-01..2023-02-01: 16,797 bars
  SPY 2023-02-01..2023-03-01: 15,982 bars
  SPY 2023-03-01..2023-04-01: 19,623 bars
  SPY 2023-04-01..2023-05-01: 15,488 bars
  SPY 2023-05-01..2023-06-01: 17,745 bars
  SPY 2023-06-01..2023-07-01: 16,934 bars
  SPY 2023-07-01..2023-08-01: 15,441 bars
  SPY 2023-08-01..2023-09-01: 18,738 bars
  SPY 2023-09-01..2023-10-01: 15,922 bars
  SPY 2023-10-01..2023-11-01: 18,427 bars
  SPY 2023-11-01..2023-12-01: 16,208 bars
  SPY 2023-12-01..2024-01-01: 15,356 bars
  SPY 2024-01-01..2024-02-01: 16,640 bars
  SPY 2024-02-01..2024-03-01: 15,690 bars
  SPY 2024-03-01..2024-04-01: 15,800 bars
  SPY 2024-04-01..2024-05-01: 17,679 bars
  SPY 2024-05-01..2024-06-01: 16,728 bars
  SPY 2024-06-01..2024-07-01: 14,366 bars
  SPY 2024-07-01..2024-08-01: 16,961 bars
  SPY 2024-08-01..2024-09-01: 17,698 bars
  SPY 2024-09-01..2024-10-01: 15,765 bars
  SPY 2024-10-01..2024-11-01: 18,089 bars
  SPY 2024-11-01..2024-12-01: 15,870 bars
  SPY 2024-12-01..2025-01-01: 15,707 bars
  SPY 2025-01-01..2025-02-01: 16,008 bars
  SPY 2025-02-01..2025-03-01: 14,950 bars
  SPY 2025-03-01..2025-04-01: 18,046 bars
  SPY 2025-04-01..2025-05-01: 18,902 bars
  SPY 2025-05-01..2025-06-01: 18,097 bars
  SPY 2025-06-01..2025-07-01: 17,150 bars
  SPY 2025-07-01..2025-08-01: 17,959 bars
  SPY 2025-08-01..2025-09-01: 17,353 bars
  SPY 2025-09-01..2025-10-01: 16,997 bars
  SPY 2025-10-01..2025-11-01: 19,317 bars
  SPY 2025-11-01..2025-12-01: 17,380 bars
  SPY 2025-12-01..2026-01-01: 19,432 bars
  SPY 2026-01-01..2026-02-01: 18,436 bars
  SPY 2026-02-01..2026-03-01: 17,569 bars
  SPY 2026-03-01..2026-04-01: 20,702 bars
  SPY 2026-04-01..2026-05-01: 19,332 bars
  SPY 2026-05-01..2026-06-01: 18,174 bars
  SPY 2026-06-01..2026-07-01: 19,107 bars
  SPY 2026-07-01..2026-08-01: 19,866 bars
  SPY 2026-08-01..2026-09-01: 18,209 bars
  SPY 2026-09-01..2026-09-05: 3,461 bars
loaded 2,140,777 bars 2016-01-04 09:00:00+00:00 .. 2026-09-04 23:59:00+00:00
2684 sessions; 2681 with bands
# Backtest: lasthalf on SPY (alpaca)

`instrument=SPY tick=0.01/$0.1 point=$10.0 rt_cost=$0.90 | bars=30m lookback=14d mult=1.0 trail=band | risk/trade=$200 kill=$700 cap=$1200 maxq=5 | flatten 14:58 CT, no entries after 14:35 CT`

## Summary (all sessions)
```
{
  "sessions": 2681,
  "trades": 1265,
  "trades_per_day": 0.47,
  "net_pnl": -27727.04,
  "mean_trade": -21.92,
  "win_rate": 0.404,
  "avg_win": 110.28,
  "avg_loss": -111.51,
  "payoff": 0.99,
  "profit_factor": 0.67,
  "mean_day": -10.34,
  "sd_day": 101.42,
  "sharpe_daily_ann": -1.62,
  "best_day": 1266.2,
  "worst_day": -197.4,
  "worst_intraday_low": -197.4,
  "max_drawdown": -27748.57,
  "days_below_-1000": 0,
  "days_below_-700": 0,
  "stop_outs": 291,
  "flattens": 974,
  "costs_total": 27680.4,
  "t_stat_daily": -5.28
}
```

## By year
```
      days  trades     pnl  mean_day  sd_day  worst    best
year                                                       
2016   249     113 -4670.0     -18.8    75.1 -185.0   403.0
2017   251     116 -7868.0     -31.3    77.9 -180.0   295.0
2018   251     121 -1300.0      -5.2   126.2 -193.0   988.0
2019   252     107 -1916.0      -7.6    80.3 -186.0   416.0
2020   253     124 -1004.0      -4.0   146.3 -197.0  1266.0
2021   252     101 -4437.0     -17.6    87.8 -192.0   405.0
2022   251     126  -912.0      -3.6    93.6 -193.0   355.0
2023   250     127 -3094.0     -12.4    81.9 -190.0   385.0
2024   252     117   182.0       0.7   126.3 -190.0   943.0
2025   250     128 -1565.0      -6.3    94.0 -193.0   400.0
2026   170      85 -1142.0      -6.7    93.0 -191.0   654.0
```

## IN-SAMPLE — 2009 sessions
```
{
  "sessions": 2009,
  "trades": 935,
  "trades_per_day": 0.47,
  "net_pnl": -25202.46,
  "mean_trade": -26.95,
  "win_rate": 0.385,
  "avg_win": 107.97,
  "avg_loss": -111.43,
  "payoff": 0.97,
  "profit_factor": 0.61,
  "mean_day": -12.54,
  "sd_day": 99.44,
  "sharpe_daily_ann": -2.0,
  "best_day": 1266.2,
  "worst_day": -197.4,
  "worst_intraday_low": -197.4,
  "max_drawdown": -25226.19,
  "days_below_-1000": 0,
  "days_below_-700": 0,
  "stop_outs": 228,
  "flattens": 707,
  "costs_total": 23297.4,
  "t_stat_daily": -5.65
}
```

## HOLDOUT (out-of-sample) — 672 sessions
```
{
  "sessions": 672,
  "trades": 330,
  "trades_per_day": 0.49,
  "net_pnl": -2524.58,
  "mean_trade": -7.65,
  "win_rate": 0.458,
  "avg_win": 115.8,
  "avg_loss": -111.79,
  "payoff": 1.04,
  "profit_factor": 0.87,
  "mean_day": -3.76,
  "sd_day": 106.85,
  "sharpe_daily_ann": -0.56,
  "best_day": 943.0,
  "worst_day": -193.2,
  "worst_intraday_low": -193.2,
  "max_drawdown": -4059.59,
  "days_below_-1000": 0,
  "days_below_-700": 0,
  "stop_outs": 63,
  "flattens": 267,
  "costs_total": 4383.0,
  "t_stat_daily": -0.91
}
```

## Prop-rule Monte Carlo (block bootstrap of this backtest's daily P&L)

Scale = multiple of the sizing above. P(pass) is the share of bootstrapped
paths that hit the target before touching the trailing floor (intraday-touch aware).

### MyFundedFutures Core $50K: target $3,000, DD $2,000 (eod, locks), DLL $1,000, consistency 50% of profit, flat by 15:10 CT, bots on funded: True

| scale | P(pass) | P(fail) | median days | top fail reason |
|---|---|---|---|---|
| 1x | 0.7% | 97.5% | 128.0 | drawdown (intraday touch) |
| 2x | 2.9% | 97.0% | 52 | drawdown (intraday touch) |
| 3x | 4.4% | 95.6% | 31.0 | drawdown (intraday touch) |

This exact history replayed once at 1x: **{'result': 'fail', 'days': 121, 'reason': 'drawdown (intraday touch)', 'balance': np.float64(-2000.0)}**  (intraday-low fraction used: 0.229)

Zero-edge control (same daily P&L, mean removed) on MyFundedFutures Core $50K: P(pass) = 13.9% — anything close to this number is luck, not edge.

## Falsification gates (from the research brief)

- days with intraday low <= -$700: **0** of 2681
- days with intraday low <= -$1,000: **0**
- daily t-stat: **-5.28** (want > 2 on the holdout, not just in-sample)
- costs as share of gross: **50%**


wrote research/2026-09-09-sleeves/S2-lasthalf-SPY/lasthalf_SPY_alpaca_report.md
