  SPY 2016-01-04..2016-02-01: 16,324 bars
  SPY 2016-02-01..2016-03-01: 16,667 bars
  SPY 2016-03-01..2016-04-01: 17,252 bars
  SPY 2016-04-01..2016-05-01: 16,100 bars
  SPY 2016-05-01..2016-06-01: 15,703 bars
  SPY 2016-06-01..2016-07-01: 17,077 bars
  SPY 2016-07-01..2016-08-01: 14,986 bars
  SPY 2016-08-01..2016-09-01: 15,500 bars
  SPY 2016-09-01..2016-10-01: 15,566 bars
  SPY 2016-10-01..2016-11-01: 15,103 bars
  SPY 2016-11-01..2016-12-01: 15,736 bars
  SPY 2016-12-01..2017-01-01: 14,346 bars
  SPY 2017-01-01..2017-02-01: 13,680 bars
  SPY 2017-02-01..2017-03-01: 12,916 bars
  SPY 2017-03-01..2017-04-01: 16,184 bars
  SPY 2017-04-01..2017-05-01: 13,500 bars
  SPY 2017-05-01..2017-06-01: 15,467 bars
  SPY 2017-06-01..2017-07-01: 15,206 bars
  SPY 2017-07-01..2017-08-01: 12,988 bars
  SPY 2017-08-01..2017-09-01: 16,160 bars
  SPY 2017-09-01..2017-10-01: 13,324 bars
  SPY 2017-10-01..2017-11-01: 14,429 bars
  SPY 2017-11-01..2017-12-01: 14,590 bars
  SPY 2017-12-01..2018-01-01: 13,382 bars
  SPY 2018-01-01..2018-02-01: 15,245 bars
  SPY 2018-02-01..2018-03-01: 15,646 bars
  SPY 2018-03-01..2018-04-01: 16,762 bars
  SPY 2018-04-01..2018-05-01: 16,384 bars
  SPY 2018-05-01..2018-06-01: 16,082 bars
  SPY 2018-06-01..2018-07-01: 15,857 bars
  SPY 2018-07-01..2018-08-01: 15,248 bars
  SPY 2018-08-01..2018-09-01: 16,196 bars
  SPY 2018-09-01..2018-10-01: 13,384 bars
  SPY 2018-10-01..2018-11-01: 18,705 bars
  SPY 2018-11-01..2018-12-01: 17,226 bars
  SPY 2018-12-01..2019-01-01: 16,094 bars
  SPY 2019-01-01..2019-02-01: 17,282 bars
  SPY 2019-02-01..2019-03-01: 14,445 bars
  SPY 2019-03-01..2019-04-01: 15,940 bars
  SPY 2019-04-01..2019-05-01: 15,044 bars
  SPY 2019-05-01..2019-06-01: 17,304 bars
  SPY 2019-06-01..2019-07-01: 15,352 bars
  SPY 2019-07-01..2019-08-01: 15,793 bars
  SPY 2019-08-01..2019-09-01: 17,577 bars
  SPY 2019-09-01..2019-10-01: 15,079 bars
  SPY 2019-10-01..2019-11-01: 17,437 bars
  SPY 2019-11-01..2019-12-01: 14,671 bars
  SPY 2019-12-01..2020-01-01: 14,789 bars
  SPY 2020-01-01..2020-02-01: 16,437 bars
  SPY 2020-02-01..2020-03-01: 15,591 bars
  SPY 2020-03-01..2020-04-01: 20,408 bars
  SPY 2020-04-01..2020-05-01: 19,153 bars
  SPY 2020-05-01..2020-06-01: 17,635 bars
  SPY 2020-06-01..2020-07-01: 19,662 bars
  SPY 2020-07-01..2020-08-01: 18,328 bars
  SPY 2020-08-01..2020-09-01: 16,586 bars
  SPY 2020-09-01..2020-10-01: 17,788 bars
  SPY 2020-10-01..2020-11-01: 18,494 bars
  SPY 2020-11-01..2020-12-01: 16,970 bars
  SPY 2020-12-01..2021-01-01: 17,213 bars
  SPY 2021-01-01..2021-02-01: 15,864 bars
  SPY 2021-02-01..2021-03-01: 15,711 bars
  SPY 2021-03-01..2021-04-01: 19,126 bars
  SPY 2021-04-01..2021-05-01: 16,346 bars
  SPY 2021-05-01..2021-06-01: 15,910 bars
  SPY 2021-06-01..2021-07-01: 16,744 bars
  SPY 2021-07-01..2021-08-01: 16,384 bars
  SPY 2021-08-01..2021-09-01: 16,505 bars
  SPY 2021-09-01..2021-10-01: 17,039 bars
  SPY 2021-10-01..2021-11-01: 17,125 bars
  SPY 2021-11-01..2021-12-01: 16,677 bars
  SPY 2021-12-01..2022-01-01: 18,366 bars
  SPY 2022-01-01..2022-02-01: 17,158 bars
  SPY 2022-02-01..2022-03-01: 16,147 bars
  SPY 2022-03-01..2022-04-01: 19,638 bars
  SPY 2022-04-01..2022-05-01: 16,620 bars
  SPY 2022-05-01..2022-06-01: 18,077 bars
  SPY 2022-06-01..2022-07-01: 17,929 bars
  SPY 2022-07-01..2022-08-01: 16,638 bars
  SPY 2022-08-01..2022-09-01: 18,779 bars
  SPY 2022-09-01..2022-10-01: 17,971 bars
  SPY 2022-10-01..2022-11-01: 18,422 bars
  SPY 2022-11-01..2022-12-01: 17,821 bars
  SPY 2022-12-01..2023-01-01: 17,710 bars
  SPY 2023-01-01..2023-02-01: 16,797 bars
  SPY 2023-02-01..2023-03-01: 15,982 bars
  SPY 2023-03-01..2023-04-01: 19,623 bars
  SPY 2023-04-01..2023-05-01: 15,488 bars
  SPY 2023-05-01..2023-06-01: 17,745 bars
  SPY 2023-06-01..2023-07-01: 16,934 bars
  SPY 2023-07-01..2023-08-01: 15,441 bars
  SPY 2023-08-01..2023-09-01: 18,738 bars
  SPY 2023-09-01..2023-10-01: 15,922 bars
  SPY 2023-10-01..2023-11-01: 18,427 bars
  SPY 2023-11-01..2023-12-01: 16,208 bars
  SPY 2023-12-01..2024-01-01: 15,356 bars
  SPY 2024-01-01..2024-02-01: 16,640 bars
  SPY 2024-02-01..2024-03-01: 15,690 bars
  SPY 2024-03-01..2024-04-01: 15,800 bars
  SPY 2024-04-01..2024-05-01: 17,679 bars
  SPY 2024-05-01..2024-06-01: 16,728 bars
  SPY 2024-06-01..2024-07-01: 14,366 bars
  SPY 2024-07-01..2024-08-01: 16,961 bars
  SPY 2024-08-01..2024-09-01: 17,698 bars
  SPY 2024-09-01..2024-10-01: 15,765 bars
  SPY 2024-10-01..2024-11-01: 18,089 bars
  SPY 2024-11-01..2024-12-01: 15,870 bars
  SPY 2024-12-01..2025-01-01: 15,707 bars
  SPY 2025-01-01..2025-02-01: 16,008 bars
  SPY 2025-02-01..2025-03-01: 14,950 bars
  SPY 2025-03-01..2025-04-01: 18,046 bars
  SPY 2025-04-01..2025-05-01: 18,902 bars
  SPY 2025-05-01..2025-06-01: 18,097 bars
  SPY 2025-06-01..2025-07-01: 17,150 bars
  SPY 2025-07-01..2025-08-01: 17,959 bars
  SPY 2025-08-01..2025-09-01: 17,353 bars
  SPY 2025-09-01..2025-10-01: 16,997 bars
  SPY 2025-10-01..2025-11-01: 19,317 bars
  SPY 2025-11-01..2025-12-01: 17,380 bars
  SPY 2025-12-01..2026-01-01: 19,432 bars
  SPY 2026-01-01..2026-02-01: 18,436 bars
  SPY 2026-02-01..2026-03-01: 17,569 bars
  SPY 2026-03-01..2026-04-01: 20,702 bars
  SPY 2026-04-01..2026-05-01: 19,332 bars
  SPY 2026-05-01..2026-06-01: 18,174 bars
  SPY 2026-06-01..2026-07-01: 19,107 bars
  SPY 2026-07-01..2026-08-01: 19,866 bars
  SPY 2026-08-01..2026-09-01: 18,209 bars
  SPY 2026-09-01..2026-09-05: 3,461 bars
loaded 2,140,777 bars 2016-01-04 09:00:00+00:00 .. 2026-09-04 23:59:00+00:00
2684 sessions; 2681 with bands
# Backtest: noise_area on SPY (alpaca)

`instrument=SPY tick=0.01/$0.5 point=$50.0 rt_cost=$4.50 | bars=30m lookback=14d mult=1.0 trail=band | risk/trade=$200 kill=$700 cap=$1200 maxq=5 | flatten 14:52 CT, no entries after 14:00 CT`

## Summary (all sessions)
```
{
  "sessions": 2681,
  "trades": 1836,
  "trades_per_day": 0.68,
  "net_pnl": -3124.63,
  "mean_trade": -1.7,
  "win_rate": 0.327,
  "avg_win": 150.48,
  "avg_loss": -75.58,
  "payoff": 1.99,
  "profit_factor": 0.97,
  "mean_day": -1.17,
  "sd_day": 131.37,
  "sharpe_daily_ann": -0.14,
  "best_day": 1323.75,
  "worst_day": -362.75,
  "worst_intraday_low": -362.75,
  "max_drawdown": -9734.51,
  "days_below_-1000": 0,
  "days_below_-700": 0,
  "stop_outs": 321,
  "flattens": 509,
  "costs_total": 21123.0,
  "t_stat_daily": -0.46
}
```

## By year
```
      days  trades     pnl  mean_day  sd_day  worst    best
year                                                       
2016   249     206 -4686.0     -18.8   115.2 -361.0   498.0
2017   251     202 -4665.0     -18.6   105.0 -265.0   591.0
2018   251     201  2896.0      11.5   177.9 -363.0  1259.0
2019   252     167 -2363.0      -9.4   103.8 -302.0   570.0
2020   253     136   257.0       1.0   131.6 -344.0   872.0
2021   252     165  2935.0      11.6   110.6 -310.0   596.0
2022   251     158  3518.0      14.0   158.2 -338.0  1324.0
2023   250     191  -337.0      -1.3   118.7 -350.0   745.0
2024   252     181  1669.0       6.6   165.6 -335.0  1208.0
2025   250     135 -1039.0      -4.2   119.4 -300.0  1204.0
2026   170      94 -1309.0      -7.7    98.1 -318.0   456.0
```

## IN-SAMPLE — 2009 sessions
```
{
  "sessions": 2009,
  "trades": 1426,
  "trades_per_day": 0.71,
  "net_pnl": -2444.86,
  "mean_trade": -1.71,
  "win_rate": 0.322,
  "avg_win": 151.3,
  "avg_loss": -74.34,
  "payoff": 2.04,
  "profit_factor": 0.97,
  "mean_day": -1.22,
  "sd_day": 130.45,
  "sharpe_daily_ann": -0.15,
  "best_day": 1323.75,
  "worst_day": -362.75,
  "worst_intraday_low": -362.75,
  "max_drawdown": -9734.51,
  "days_below_-1000": 0,
  "days_below_-700": 0,
  "stop_outs": 245,
  "flattens": 394,
  "costs_total": 18238.5,
  "t_stat_daily": -0.42
}
```

## HOLDOUT (out-of-sample) — 672 sessions
```
{
  "sessions": 672,
  "trades": 410,
  "trades_per_day": 0.61,
  "net_pnl": -679.77,
  "mean_trade": -1.66,
  "win_rate": 0.344,
  "avg_win": 147.84,
  "avg_loss": -80.02,
  "payoff": 1.85,
  "profit_factor": 0.97,
  "mean_day": -1.01,
  "sd_day": 134.07,
  "sharpe_daily_ann": -0.12,
  "best_day": 1207.5,
  "worst_day": -335.0,
  "worst_intraday_low": -335.0,
  "max_drawdown": -3690.58,
  "days_below_-1000": 0,
  "days_below_-700": 0,
  "stop_outs": 76,
  "flattens": 115,
  "costs_total": 2884.5,
  "t_stat_daily": -0.2
}
```

## Prop-rule Monte Carlo (block bootstrap of this backtest's daily P&L)

Scale = multiple of the sizing above. P(pass) is the share of bootstrapped
paths that hit the target before touching the trailing floor (intraday-touch aware).

### MyFundedFutures Core $50K: target $3,000, DD $2,000 (eod, locks), DLL $1,000, consistency 50% of profit, flat by 15:10 CT, bots on funded: True

| scale | P(pass) | P(fail) | median days | top fail reason |
|---|---|---|---|---|
| 1x | 15.7% | 72.4% | 167.0 | drawdown (intraday touch) |
| 2x | 18.6% | 81.2% | 60.0 | drawdown (intraday touch) |
| 3x | 16.3% | 83.6% | 34 | drawdown (intraday touch) |

This exact history replayed once at 1x: **{'result': 'fail', 'days': 112, 'reason': 'drawdown (intraday touch)', 'balance': np.float64(-1696.0)}**  (intraday-low fraction used: 0.189)

### Topstep Combine $50K: target $3,000, DD $2,000 (eod, locks), DLL $1,000, consistency 50% of target, flat by 15:10 CT, bots on funded: False

| scale | P(pass) | P(fail) | median days | top fail reason |
|---|---|---|---|---|
| 1x | 15.7% | 72.5% | 167.5 | drawdown (intraday touch) |
| 2x | 18.4% | 81.4% | 60.0 | drawdown (intraday touch) |
| 3x | 16.0% | 83.9% | 34 | drawdown (intraday touch) |

This exact history replayed once at 1x: **{'result': 'fail', 'days': 112, 'reason': 'drawdown (intraday touch)', 'balance': np.float64(-1696.0)}**  (intraday-low fraction used: 0.189)

### Tradeify Growth $50K: target $3,000, DD $2,000 (eod, locks), DLL $0, consistency 35% of profit, flat by 15:59 CT, bots on funded: True

| scale | P(pass) | P(fail) | median days | top fail reason |
|---|---|---|---|---|
| 1x | 12.5% | 72.8% | 168.0 | drawdown (intraday touch) |
| 2x | 12.8% | 85.2% | 63 | drawdown (intraday touch) |
| 3x | 10.2% | 88.7% | 36 | drawdown (intraday touch) |

This exact history replayed once at 1x: **{'result': 'fail', 'days': 112, 'reason': 'drawdown (intraday touch)', 'balance': np.float64(-1696.0)}**  (intraday-low fraction used: 0.189)

Zero-edge control (same daily P&L, mean removed) on MyFundedFutures Core $50K: P(pass) = 19.8% — anything close to this number is luck, not edge.

## Falsification gates (from the research brief)

- days with intraday low <= -$700: **0** of 2681
- days with intraday low <= -$1,000: **0**
- daily t-stat: **-0.46** (want > 2 on the holdout, not just in-sample)
- costs as share of gross: **87%**


wrote research/2026-09-07/SPY-as-MES/noise_area_SPY_alpaca_report.md
