  SPY 2016-01-04..2016-02-01: 16,324 bars
  SPY 2016-02-01..2016-03-01: 16,667 bars
  SPY 2016-03-01..2016-04-01: 17,252 bars
  SPY 2016-04-01..2016-05-01: 16,100 bars
  SPY 2016-05-01..2016-06-01: 15,703 bars
  SPY 2016-06-01..2016-07-01: 17,077 bars
  SPY 2016-07-01..2016-08-01: 14,986 bars
  SPY 2016-08-01..2016-09-01: 15,500 bars
  SPY 2016-09-01..2016-10-01: 15,566 bars
  SPY 2016-10-01..2016-11-01: 15,103 bars
  SPY 2016-11-01..2016-12-01: 15,736 bars
  SPY 2016-12-01..2017-01-01: 14,346 bars
  SPY 2017-01-01..2017-02-01: 13,680 bars
  SPY 2017-02-01..2017-03-01: 12,916 bars
  SPY 2017-03-01..2017-04-01: 16,184 bars
  SPY 2017-04-01..2017-05-01: 13,500 bars
  SPY 2017-05-01..2017-06-01: 15,467 bars
  SPY 2017-06-01..2017-07-01: 15,206 bars
  SPY 2017-07-01..2017-08-01: 12,988 bars
  SPY 2017-08-01..2017-09-01: 16,160 bars
  SPY 2017-09-01..2017-10-01: 13,324 bars
  SPY 2017-10-01..2017-11-01: 14,429 bars
  SPY 2017-11-01..2017-12-01: 14,590 bars
  SPY 2017-12-01..2018-01-01: 13,382 bars
  SPY 2018-01-01..2018-02-01: 15,245 bars
  SPY 2018-02-01..2018-03-01: 15,646 bars
  SPY 2018-03-01..2018-04-01: 16,762 bars
  SPY 2018-04-01..2018-05-01: 16,384 bars
  SPY 2018-05-01..2018-06-01: 16,082 bars
  SPY 2018-06-01..2018-07-01: 15,857 bars
  SPY 2018-07-01..2018-08-01: 15,248 bars
  SPY 2018-08-01..2018-09-01: 16,196 bars
  SPY 2018-09-01..2018-10-01: 13,384 bars
  SPY 2018-10-01..2018-11-01: 18,705 bars
  SPY 2018-11-01..2018-12-01: 17,226 bars
  SPY 2018-12-01..2019-01-01: 16,094 bars
  SPY 2019-01-01..2019-02-01: 17,282 bars
  SPY 2019-02-01..2019-03-01: 14,445 bars
  SPY 2019-03-01..2019-04-01: 15,940 bars
  SPY 2019-04-01..2019-05-01: 15,044 bars
  SPY 2019-05-01..2019-06-01: 17,304 bars
  SPY 2019-06-01..2019-07-01: 15,352 bars
  SPY 2019-07-01..2019-08-01: 15,793 bars
  SPY 2019-08-01..2019-09-01: 17,577 bars
  SPY 2019-09-01..2019-10-01: 15,079 bars
  SPY 2019-10-01..2019-11-01: 17,437 bars
  SPY 2019-11-01..2019-12-01: 14,671 bars
  SPY 2019-12-01..2020-01-01: 14,789 bars
  SPY 2020-01-01..2020-02-01: 16,437 bars
  SPY 2020-02-01..2020-03-01: 15,591 bars
  SPY 2020-03-01..2020-04-01: 20,408 bars
  SPY 2020-04-01..2020-05-01: 19,153 bars
  SPY 2020-05-01..2020-06-01: 17,635 bars
  SPY 2020-06-01..2020-07-01: 19,662 bars
  SPY 2020-07-01..2020-08-01: 18,328 bars
  SPY 2020-08-01..2020-09-01: 16,586 bars
  SPY 2020-09-01..2020-10-01: 17,788 bars
  SPY 2020-10-01..2020-11-01: 18,494 bars
  SPY 2020-11-01..2020-12-01: 16,970 bars
  SPY 2020-12-01..2021-01-01: 17,213 bars
  SPY 2021-01-01..2021-02-01: 15,864 bars
  SPY 2021-02-01..2021-03-01: 15,711 bars
  SPY 2021-03-01..2021-04-01: 19,126 bars
  SPY 2021-04-01..2021-05-01: 16,346 bars
  SPY 2021-05-01..2021-06-01: 15,910 bars
  SPY 2021-06-01..2021-07-01: 16,744 bars
  SPY 2021-07-01..2021-08-01: 16,384 bars
  SPY 2021-08-01..2021-09-01: 16,505 bars
  SPY 2021-09-01..2021-10-01: 17,039 bars
  SPY 2021-10-01..2021-11-01: 17,125 bars
  SPY 2021-11-01..2021-12-01: 16,677 bars
  SPY 2021-12-01..2022-01-01: 18,366 bars
  SPY 2022-01-01..2022-02-01: 17,158 bars
  SPY 2022-02-01..2022-03-01: 16,147 bars
  SPY 2022-03-01..2022-04-01: 19,638 bars
  SPY 2022-04-01..2022-05-01: 16,620 bars
  SPY 2022-05-01..2022-06-01: 18,077 bars
  SPY 2022-06-01..2022-07-01: 17,929 bars
  SPY 2022-07-01..2022-08-01: 16,638 bars
  SPY 2022-08-01..2022-09-01: 18,779 bars
  SPY 2022-09-01..2022-10-01: 17,971 bars
  SPY 2022-10-01..2022-11-01: 18,422 bars
  SPY 2022-11-01..2022-12-01: 17,821 bars
  SPY 2022-12-01..2023-01-01: 17,710 bars
  SPY 2023-01-01..2023-02-01: 16,797 bars
  SPY 2023-02-01..2023-03-01: 15,982 bars
  SPY 2023-03-01..2023-04-01: 19,623 bars
  SPY 2023-04-01..2023-05-01: 15,488 bars
  SPY 2023-05-01..2023-06-01: 17,745 bars
  SPY 2023-06-01..2023-07-01: 16,934 bars
  SPY 2023-07-01..2023-08-01: 15,441 bars
  SPY 2023-08-01..2023-09-01: 18,738 bars
  SPY 2023-09-01..2023-10-01: 15,922 bars
  SPY 2023-10-01..2023-11-01: 18,427 bars
  SPY 2023-11-01..2023-12-01: 16,208 bars
  SPY 2023-12-01..2024-01-01: 15,356 bars
  SPY 2024-01-01..2024-02-01: 16,640 bars
  SPY 2024-02-01..2024-03-01: 15,690 bars
  SPY 2024-03-01..2024-04-01: 15,800 bars
  SPY 2024-04-01..2024-05-01: 17,679 bars
  SPY 2024-05-01..2024-06-01: 16,728 bars
  SPY 2024-06-01..2024-07-01: 14,366 bars
  SPY 2024-07-01..2024-08-01: 16,961 bars
  SPY 2024-08-01..2024-09-01: 17,698 bars
  SPY 2024-09-01..2024-10-01: 15,765 bars
  SPY 2024-10-01..2024-11-01: 18,089 bars
  SPY 2024-11-01..2024-12-01: 15,870 bars
  SPY 2024-12-01..2025-01-01: 15,707 bars
  SPY 2025-01-01..2025-02-01: 16,008 bars
  SPY 2025-02-01..2025-03-01: 14,950 bars
  SPY 2025-03-01..2025-04-01: 18,046 bars
  SPY 2025-04-01..2025-05-01: 18,902 bars
  SPY 2025-05-01..2025-06-01: 18,097 bars
  SPY 2025-06-01..2025-07-01: 17,150 bars
  SPY 2025-07-01..2025-08-01: 17,959 bars
  SPY 2025-08-01..2025-09-01: 17,353 bars
  SPY 2025-09-01..2025-10-01: 16,997 bars
  SPY 2025-10-01..2025-11-01: 19,317 bars
  SPY 2025-11-01..2025-12-01: 17,380 bars
  SPY 2025-12-01..2026-01-01: 19,432 bars
  SPY 2026-01-01..2026-02-01: 18,436 bars
  SPY 2026-02-01..2026-03-01: 17,569 bars
  SPY 2026-03-01..2026-04-01: 20,702 bars
  SPY 2026-04-01..2026-05-01: 19,332 bars
  SPY 2026-05-01..2026-06-01: 18,174 bars
  SPY 2026-06-01..2026-07-01: 19,107 bars
  SPY 2026-07-01..2026-08-01: 19,866 bars
  SPY 2026-08-01..2026-09-01: 18,209 bars
  SPY 2026-09-01..2026-09-05: 3,461 bars
loaded 2,140,777 bars 2016-01-04 09:00:00+00:00 .. 2026-09-04 23:59:00+00:00
2684 sessions; 2681 with bands
# Backtest: noise_area on SPY (alpaca)

`instrument=SPY tick=0.01/$0.1 point=$10.0 rt_cost=$0.90 | bars=30m lookback=14d mult=1.0 trail=band | risk/trade=$200 kill=$700 cap=$1200 maxq=5 | flatten 14:52 CT, no entries after 14:00 CT`

## Summary (all sessions)
```
{
  "sessions": 2681,
  "trades": 2055,
  "trades_per_day": 0.77,
  "net_pnl": -6423.21,
  "mean_trade": -3.13,
  "win_rate": 0.324,
  "avg_win": 175.41,
  "avg_loss": -88.73,
  "payoff": 1.98,
  "profit_factor": 0.95,
  "mean_day": -2.4,
  "sd_day": 160.56,
  "sharpe_daily_ann": -0.24,
  "best_day": 1460.15,
  "worst_day": -384.0,
  "worst_intraday_low": -384.0,
  "max_drawdown": -14474.63,
  "days_below_-1000": 0,
  "days_below_-700": 0,
  "stop_outs": 332,
  "flattens": 565,
  "costs_total": 27168.3,
  "t_stat_daily": -0.77
}
```

## By year
```
      days  trades     pnl  mean_day  sd_day  worst    best
year                                                       
2016   249     206 -6259.0     -25.1   141.2 -370.0   592.0
2017   251     202 -7781.0     -31.0   132.7 -364.0   591.0
2018   251     202  3952.0      15.7   213.8 -372.0  1460.0
2019   252     167 -2339.0      -9.3   129.5 -372.0   798.0
2020   253     174  -241.0      -1.0   160.8 -380.0  1046.0
2021   252     175  3480.0      13.8   132.4 -365.0   715.0
2022   251     209  4451.0      17.7   193.3 -377.0  1324.0
2023   250     196   -53.0      -0.2   142.8 -384.0   943.0
2024   252     195  2287.0       9.1   193.5 -379.0  1433.0
2025   250     189 -1087.0      -4.3   158.9 -371.0  1365.0
2026   170     140 -2835.0     -16.7   120.6 -373.0   456.0
```

## IN-SAMPLE — 2009 sessions
```
{
  "sessions": 2009,
  "trades": 1531,
  "trades_per_day": 0.76,
  "net_pnl": -4788.13,
  "mean_trade": -3.13,
  "win_rate": 0.319,
  "avg_win": 180.16,
  "avg_loss": -89.14,
  "payoff": 2.02,
  "profit_factor": 0.95,
  "mean_day": -2.38,
  "sd_day": 159.18,
  "sharpe_daily_ann": -0.24,
  "best_day": 1460.15,
  "worst_day": -384.0,
  "worst_intraday_low": -384.0,
  "max_drawdown": -14474.63,
  "days_below_-1000": 0,
  "days_below_-700": 0,
  "stop_outs": 250,
  "flattens": 419,
  "costs_total": 23303.7,
  "t_stat_daily": -0.67
}
```

## HOLDOUT (out-of-sample) — 672 sessions
```
{
  "sessions": 672,
  "trades": 524,
  "trades_per_day": 0.78,
  "net_pnl": -1635.08,
  "mean_trade": -3.12,
  "win_rate": 0.338,
  "avg_win": 162.29,
  "avg_loss": -87.49,
  "payoff": 1.85,
  "profit_factor": 0.95,
  "mean_day": -2.43,
  "sd_day": 164.62,
  "sharpe_daily_ann": -0.23,
  "best_day": 1432.6,
  "worst_day": -378.8,
  "worst_intraday_low": -378.8,
  "max_drawdown": -5289.21,
  "days_below_-1000": 0,
  "days_below_-700": 0,
  "stop_outs": 82,
  "flattens": 146,
  "costs_total": 3864.6,
  "t_stat_daily": -0.38
}
```

## Prop-rule Monte Carlo (block bootstrap of this backtest's daily P&L)

Scale = multiple of the sizing above. P(pass) is the share of bootstrapped
paths that hit the target before touching the trailing floor (intraday-touch aware).

### MyFundedFutures Core $50K: target $3,000, DD $2,000 (eod, locks), DLL $1,000, consistency 50% of profit, flat by 15:10 CT, bots on funded: True

| scale | P(pass) | P(fail) | median days | top fail reason |
|---|---|---|---|---|
| 1x | 17.3% | 80.2% | 124.0 | drawdown (intraday touch) |
| 2x | 17.2% | 82.8% | 43.0 | drawdown (intraday touch) |
| 3x | 16.3% | 83.7% | 24.0 | drawdown (intraday touch) |

This exact history replayed once at 1x: **{'result': 'fail', 'days': 106, 'reason': 'drawdown (intraday touch)', 'balance': np.float64(-1635.0)}**  (intraday-low fraction used: 0.195)

Zero-edge control (same daily P&L, mean removed) on MyFundedFutures Core $50K: P(pass) = 25.4% — anything close to this number is luck, not edge.

## Falsification gates (from the research brief)

- days with intraday low <= -$700: **0** of 2681
- days with intraday low <= -$1,000: **0**
- daily t-stat: **-0.77** (want > 2 on the holdout, not just in-sample)
- costs as share of gross: **81%**


wrote research/2026-09-09-regime/SPY-base/noise_area_SPY_alpaca_report.md
